<?xml version="1.0" encoding="utf-8" ?>
<results>
	<result idSite="1">
		<result date="2010-01-03">
			<alexa_rank>6</alexa_rank>
			<backlinks>21</backlinks>
			<bing_indexed_pages>15</bing_indexed_pages>
			<dmoz>9</dmoz>
			<ggl_indexed_pages>12</ggl_indexed_pages>
			<ggl_page_rank>3</ggl_page_rank>
			<referrer_domains>24</referrer_domains>
			<label>SEO Stats</label>
		</result>
		<result date="2010-01-04">
			<alexa_rank>8</alexa_rank>
			<backlinks>28</backlinks>
			<bing_indexed_pages>20</bing_indexed_pages>
			<dmoz>12</dmoz>
			<ggl_indexed_pages>16</ggl_indexed_pages>
			<ggl_page_rank>4</ggl_page_rank>
			<referrer_domains>32</referrer_domains>
			<label>SEO Stats</label>
		</result>
		<result date="2010-01-05">
			<alexa_rank>10</alexa_rank>
			<backlinks>35</backlinks>
			<bing_indexed_pages>25</bing_indexed_pages>
			<dmoz>15</dmoz>
			<ggl_indexed_pages>20</ggl_indexed_pages>
			<ggl_page_rank>5</ggl_page_rank>
			<referrer_domains>40</referrer_domains>
			<label>SEO Stats</label>
		</result>
		<result date="2010-01-06">
			<alexa_rank>12</alexa_rank>
			<backlinks>42</backlinks>
			<bing_indexed_pages>30</bing_indexed_pages>
			<dmoz>18</dmoz>
			<ggl_indexed_pages>24</ggl_indexed_pages>
			<ggl_page_rank>6</ggl_page_rank>
			<referrer_domains>48</referrer_domains>
			<label>SEO Stats</label>
		</result>
		<result date="2010-01-07">
			<alexa_rank>14</alexa_rank>
			<backlinks>49</backlinks>
			<bing_indexed_pages>35</bing_indexed_pages>
			<dmoz>21</dmoz>
			<ggl_indexed_pages>28</ggl_indexed_pages>
			<ggl_page_rank>7</ggl_page_rank>
			<referrer_domains>56</referrer_domains>
			<label>SEO Stats</label>
		</result>
		<result date="2010-01-08">
			<alexa_rank>16</alexa_rank>
			<backlinks>56</backlinks>
			<bing_indexed_pages>40</bing_indexed_pages>
			<dmoz>24</dmoz>
			<ggl_indexed_pages>32</ggl_indexed_pages>
			<ggl_page_rank>8</ggl_page_rank>
			<referrer_domains>64</referrer_domains>
			<label>SEO Stats</label>
		</result>
		<result date="2010-01-09">
			<alexa_rank>18</alexa_rank>
			<backlinks>63</backlinks>
			<bing_indexed_pages>45</bing_indexed_pages>
			<dmoz>27</dmoz>
			<ggl_indexed_pages>36</ggl_indexed_pages>
			<ggl_page_rank>9</ggl_page_rank>
			<referrer_domains>72</referrer_domains>
			<label>SEO Stats</label>
		</result>
	</result>
	<result idSite="2">
		<result date="2010-01-03">
			<alexa_rank>6</alexa_rank>
			<backlinks>21</backlinks>
			<bing_indexed_pages>15</bing_indexed_pages>
			<dmoz>9</dmoz>
			<ggl_indexed_pages>12</ggl_indexed_pages>
			<ggl_page_rank>3</ggl_page_rank>
			<referrer_domains>24</referrer_domains>
			<label>SEO Stats</label>
		</result>
		<result date="2010-01-04">
			<alexa_rank>8</alexa_rank>
			<backlinks>28</backlinks>
			<bing_indexed_pages>20</bing_indexed_pages>
			<dmoz>12</dmoz>
			<ggl_indexed_pages>16</ggl_indexed_pages>
			<ggl_page_rank>4</ggl_page_rank>
			<referrer_domains>32</referrer_domains>
			<label>SEO Stats</label>
		</result>
		<result date="2010-01-05">
			<alexa_rank>10</alexa_rank>
			<backlinks>35</backlinks>
			<bing_indexed_pages>25</bing_indexed_pages>
			<dmoz>15</dmoz>
			<ggl_indexed_pages>20</ggl_indexed_pages>
			<ggl_page_rank>5</ggl_page_rank>
			<referrer_domains>40</referrer_domains>
			<label>SEO Stats</label>
		</result>
		<result date="2010-01-06">
			<alexa_rank>12</alexa_rank>
			<backlinks>42</backlinks>
			<bing_indexed_pages>30</bing_indexed_pages>
			<dmoz>18</dmoz>
			<ggl_indexed_pages>24</ggl_indexed_pages>
			<ggl_page_rank>6</ggl_page_rank>
			<referrer_domains>48</referrer_domains>
			<label>SEO Stats</label>
		</result>
		<result date="2010-01-07">
			<alexa_rank>14</alexa_rank>
			<backlinks>49</backlinks>
			<bing_indexed_pages>35</bing_indexed_pages>
			<dmoz>21</dmoz>
			<ggl_indexed_pages>28</ggl_indexed_pages>
			<ggl_page_rank>7</ggl_page_rank>
			<referrer_domains>56</referrer_domains>
			<label>SEO Stats</label>
		</result>
		<result date="2010-01-08">
			<alexa_rank>16</alexa_rank>
			<backlinks>56</backlinks>
			<bing_indexed_pages>40</bing_indexed_pages>
			<dmoz>24</dmoz>
			<ggl_indexed_pages>32</ggl_indexed_pages>
			<ggl_page_rank>8</ggl_page_rank>
			<referrer_domains>64</referrer_domains>
			<label>SEO Stats</label>
		</result>
		<result date="2010-01-09">
			<alexa_rank>18</alexa_rank>
			<backlinks>63</backlinks>
			<bing_indexed_pages>45</bing_indexed_pages>
			<dmoz>27</dmoz>
			<ggl_indexed_pages>36</ggl_indexed_pages>
			<ggl_page_rank>9</ggl_page_rank>
			<referrer_domains>72</referrer_domains>
			<label>SEO Stats</label>
		</result>
	</result>
</results>