<?xml version="1.0" encoding="utf-8" ?>
<results>
	<result idSite="1">
		<result date="From 2009-12-28 to 2010-01-03">
			<alexa_rank>6</alexa_rank>
			<backlinks>21</backlinks>
			<bing_indexed_pages>15</bing_indexed_pages>
			<dmoz>9</dmoz>
			<ggl_indexed_pages>12</ggl_indexed_pages>
			<ggl_page_rank>3</ggl_page_rank>
			<referrer_domains>24</referrer_domains>
			<label>SEO Stats</label>
		</result>
		<result date="From 2010-01-04 to 2010-01-10">
			<alexa_rank>20</alexa_rank>
			<backlinks>70</backlinks>
			<bing_indexed_pages>50</bing_indexed_pages>
			<dmoz>30</dmoz>
			<ggl_indexed_pages>40</ggl_indexed_pages>
			<ggl_page_rank>10</ggl_page_rank>
			<referrer_domains>80</referrer_domains>
			<label>SEO Stats</label>
		</result>
		<result date="From 2010-01-11 to 2010-01-17">
			<alexa_rank>34</alexa_rank>
			<backlinks>119</backlinks>
			<bing_indexed_pages>85</bing_indexed_pages>
			<dmoz>51</dmoz>
			<ggl_indexed_pages>68</ggl_indexed_pages>
			<ggl_page_rank>17</ggl_page_rank>
			<referrer_domains>136</referrer_domains>
			<label>SEO Stats</label>
		</result>
		<result date="From 2010-01-18 to 2010-01-24">
			<alexa_rank>48</alexa_rank>
			<backlinks>168</backlinks>
			<bing_indexed_pages>120</bing_indexed_pages>
			<dmoz>72</dmoz>
			<ggl_indexed_pages>96</ggl_indexed_pages>
			<ggl_page_rank>24</ggl_page_rank>
			<referrer_domains>192</referrer_domains>
			<label>SEO Stats</label>
		</result>
		<result date="From 2010-01-25 to 2010-01-31">
			<alexa_rank>62</alexa_rank>
			<backlinks>217</backlinks>
			<bing_indexed_pages>155</bing_indexed_pages>
			<dmoz>93</dmoz>
			<ggl_indexed_pages>124</ggl_indexed_pages>
			<ggl_page_rank>31</ggl_page_rank>
			<referrer_domains>248</referrer_domains>
			<label>SEO Stats</label>
		</result>
		<result date="From 2010-02-01 to 2010-02-07">
			<alexa_rank>14</alexa_rank>
			<backlinks>49</backlinks>
			<bing_indexed_pages>35</bing_indexed_pages>
			<dmoz>21</dmoz>
			<ggl_indexed_pages>28</ggl_indexed_pages>
			<ggl_page_rank>7</ggl_page_rank>
			<referrer_domains>56</referrer_domains>
			<label>SEO Stats</label>
		</result>
		<result date="From 2010-02-08 to 2010-02-14">
			<alexa_rank>28</alexa_rank>
			<backlinks>98</backlinks>
			<bing_indexed_pages>70</bing_indexed_pages>
			<dmoz>42</dmoz>
			<ggl_indexed_pages>56</ggl_indexed_pages>
			<ggl_page_rank>14</ggl_page_rank>
			<referrer_domains>112</referrer_domains>
			<label>SEO Stats</label>
		</result>
	</result>
	<result idSite="2">
		<result date="From 2009-12-28 to 2010-01-03">
			<alexa_rank>6</alexa_rank>
			<backlinks>21</backlinks>
			<bing_indexed_pages>15</bing_indexed_pages>
			<dmoz>9</dmoz>
			<ggl_indexed_pages>12</ggl_indexed_pages>
			<ggl_page_rank>3</ggl_page_rank>
			<referrer_domains>24</referrer_domains>
			<label>SEO Stats</label>
		</result>
		<result date="From 2010-01-04 to 2010-01-10">
			<alexa_rank>20</alexa_rank>
			<backlinks>70</backlinks>
			<bing_indexed_pages>50</bing_indexed_pages>
			<dmoz>30</dmoz>
			<ggl_indexed_pages>40</ggl_indexed_pages>
			<ggl_page_rank>10</ggl_page_rank>
			<referrer_domains>80</referrer_domains>
			<label>SEO Stats</label>
		</result>
		<result date="From 2010-01-11 to 2010-01-17">
			<alexa_rank>34</alexa_rank>
			<backlinks>119</backlinks>
			<bing_indexed_pages>85</bing_indexed_pages>
			<dmoz>51</dmoz>
			<ggl_indexed_pages>68</ggl_indexed_pages>
			<ggl_page_rank>17</ggl_page_rank>
			<referrer_domains>136</referrer_domains>
			<label>SEO Stats</label>
		</result>
		<result date="From 2010-01-18 to 2010-01-24">
			<alexa_rank>48</alexa_rank>
			<backlinks>168</backlinks>
			<bing_indexed_pages>120</bing_indexed_pages>
			<dmoz>72</dmoz>
			<ggl_indexed_pages>96</ggl_indexed_pages>
			<ggl_page_rank>24</ggl_page_rank>
			<referrer_domains>192</referrer_domains>
			<label>SEO Stats</label>
		</result>
		<result date="From 2010-01-25 to 2010-01-31">
			<alexa_rank>62</alexa_rank>
			<backlinks>217</backlinks>
			<bing_indexed_pages>155</bing_indexed_pages>
			<dmoz>93</dmoz>
			<ggl_indexed_pages>124</ggl_indexed_pages>
			<ggl_page_rank>31</ggl_page_rank>
			<referrer_domains>248</referrer_domains>
			<label>SEO Stats</label>
		</result>
		<result date="From 2010-02-01 to 2010-02-07">
			<alexa_rank>14</alexa_rank>
			<backlinks>49</backlinks>
			<bing_indexed_pages>35</bing_indexed_pages>
			<dmoz>21</dmoz>
			<ggl_indexed_pages>28</ggl_indexed_pages>
			<ggl_page_rank>7</ggl_page_rank>
			<referrer_domains>56</referrer_domains>
			<label>SEO Stats</label>
		</result>
		<result date="From 2010-02-08 to 2010-02-14">
			<alexa_rank>28</alexa_rank>
			<backlinks>98</backlinks>
			<bing_indexed_pages>70</bing_indexed_pages>
			<dmoz>42</dmoz>
			<ggl_indexed_pages>56</ggl_indexed_pages>
			<ggl_page_rank>14</ggl_page_rank>
			<referrer_domains>112</referrer_domains>
			<label>SEO Stats</label>
		</result>
	</result>
</results>