<?xml version="1.0" encoding="utf-8" ?>
<result>
	<google_page_rank>4</google_page_rank>
	<google_indexed_pages>16</google_indexed_pages>
	<alexa_rank>8</alexa_rank>
	<dmoz>12</dmoz>
	<bing_indexed_pages>20</bing_indexed_pages>
	<backlinks>28</backlinks>
	<referrer_domains>32</referrer_domains>
	<label>SEO Stats</label>
</result>